// Jest Snapshot v1, https://goo.gl/fbAQLP

exports[`Компонент «SortingOptions» рендерится корректно 1`] = `
<form
  action="#"
  className="places__sorting"
  method="get"
>
  <span
    className="places__sorting-caption"
  >
    Sort by
  </span>
   
  <span
    className="places__sorting-type"
    onClick={[Function]}
    tabIndex="0"
  >
    Price: low to high
    <svg
      className="places__sorting-arrow"
      height="4"
      width="7"
    >
      <use
        xlinkHref="#icon-arrow-select"
      />
    </svg>
  </span>
  <ul
    className="places__options places__options--custom"
  >
    <li
      className="places__option"
      onClick={[Function]}
      tabIndex="0"
    >
      Popular
    </li>
    <li
      className="places__option places__option--active"
      onClick={[Function]}
      tabIndex="0"
    >
      Price: low to high
    </li>
  </ul>
</form>
`;
