// Jest Snapshot v1, https://goo.gl/fbAQLP

exports[`Компонент «Map» рендерится корректно 1`] = `
<div
  style={
    Object {
      "height": "100%",
    }
  }
/>
`;
